// Jest Snapshot v1, https://goo.gl/fbAQLP

exports[`App renders correctly 1`] = `
ShallowWrapper {
  "length": 1,
  Symbol(enzyme.__root__): [Circular],
  Symbol(enzyme.__unrendered__): <App />,
  Symbol(enzyme.__renderer__): Object {
    "batchedUpdates": [Function],
    "getNode": [Function],
    "render": [Function],
    "simulateEvent": [Function],
    "unmount": [Function],
  },
  Symbol(enzyme.__node__): Object {
    "instance": null,
    "key": undefined,
    "nodeType": "class",
    "props": Object {
      "bsClass": "container",
      "children": <Row
        bsClass="row"
        componentClass="div"
>
        <Col
                bsClass="col"
                componentClass="div"
                sm={4}
                xs={6}
        >
                <Header
                        header="Healthera"
                        id="homepage"
                />
                <SubmitButton
                        handleSubmit={[Function]}
                        id="submitButton"
                        name="Patients"
                        newClass="btn btn-success"
                />
        </Col>
</Row>,
      "componentClass": "div",
      "fluid": false,
    },
    "ref": null,
    "rendered": Object {
      "instance": null,
      "key": undefined,
      "nodeType": "class",
      "props": Object {
        "bsClass": "row",
        "children": <Col
          bsClass="col"
          componentClass="div"
          sm={4}
          xs={6}
>
          <Header
                    header="Healthera"
                    id="homepage"
          />
          <SubmitButton
                    handleSubmit={[Function]}
                    id="submitButton"
                    name="Patients"
                    newClass="btn btn-success"
          />
</Col>,
        "componentClass": "div",
      },
      "ref": null,
      "rendered": Object {
        "instance": null,
        "key": undefined,
        "nodeType": "class",
        "props": Object {
          "bsClass": "col",
          "children": Array [
            <Header
              header="Healthera"
              id="homepage"
/>,
            <SubmitButton
              handleSubmit={[Function]}
              id="submitButton"
              name="Patients"
              newClass="btn btn-success"
/>,
            null,
          ],
          "componentClass": "div",
          "sm": 4,
          "xs": 6,
        },
        "ref": null,
        "rendered": Array [
          Object {
            "instance": null,
            "key": undefined,
            "nodeType": "function",
            "props": Object {
              "header": "Healthera",
              "id": "homepage",
            },
            "ref": null,
            "rendered": null,
            "type": [Function],
          },
          Object {
            "instance": null,
            "key": undefined,
            "nodeType": "function",
            "props": Object {
              "handleSubmit": [Function],
              "id": "submitButton",
              "name": "Patients",
              "newClass": "btn btn-success",
            },
            "ref": null,
            "rendered": null,
            "type": [Function],
          },
          null,
        ],
        "type": [Function],
      },
      "type": [Function],
    },
    "type": [Function],
  },
  Symbol(enzyme.__nodes__): Array [
    Object {
      "instance": null,
      "key": undefined,
      "nodeType": "class",
      "props": Object {
        "bsClass": "container",
        "children": <Row
          bsClass="row"
          componentClass="div"
>
          <Col
                    bsClass="col"
                    componentClass="div"
                    sm={4}
                    xs={6}
          >
                    <Header
                              header="Healthera"
                              id="homepage"
                    />
                    <SubmitButton
                              handleSubmit={[Function]}
                              id="submitButton"
                              name="Patients"
                              newClass="btn btn-success"
                    />
          </Col>
</Row>,
        "componentClass": "div",
        "fluid": false,
      },
      "ref": null,
      "rendered": Object {
        "instance": null,
        "key": undefined,
        "nodeType": "class",
        "props": Object {
          "bsClass": "row",
          "children": <Col
            bsClass="col"
            componentClass="div"
            sm={4}
            xs={6}
>
            <Header
                        header="Healthera"
                        id="homepage"
            />
            <SubmitButton
                        handleSubmit={[Function]}
                        id="submitButton"
                        name="Patients"
                        newClass="btn btn-success"
            />
</Col>,
          "componentClass": "div",
        },
        "ref": null,
        "rendered": Object {
          "instance": null,
          "key": undefined,
          "nodeType": "class",
          "props": Object {
            "bsClass": "col",
            "children": Array [
              <Header
                header="Healthera"
                id="homepage"
/>,
              <SubmitButton
                handleSubmit={[Function]}
                id="submitButton"
                name="Patients"
                newClass="btn btn-success"
/>,
              null,
            ],
            "componentClass": "div",
            "sm": 4,
            "xs": 6,
          },
          "ref": null,
          "rendered": Array [
            Object {
              "instance": null,
              "key": undefined,
              "nodeType": "function",
              "props": Object {
                "header": "Healthera",
                "id": "homepage",
              },
              "ref": null,
              "rendered": null,
              "type": [Function],
            },
            Object {
              "instance": null,
              "key": undefined,
              "nodeType": "function",
              "props": Object {
                "handleSubmit": [Function],
                "id": "submitButton",
                "name": "Patients",
                "newClass": "btn btn-success",
              },
              "ref": null,
              "rendered": null,
              "type": [Function],
            },
            null,
          ],
          "type": [Function],
        },
        "type": [Function],
      },
      "type": [Function],
    },
  ],
  Symbol(enzyme.__options__): Object {
    "adapter": ReactSixteenAdapter {
      "options": Object {
        "enableComponentDidUpdateOnSetState": true,
      },
    },
    "disableLifecycleMethods": true,
  },
}
`;
