// Jest Snapshot v1, https://goo.gl/fbAQLP

exports[`PatientChat renders correctly 1`] = `
ShallowWrapper {
  "length": 1,
  Symbol(enzyme.__root__): [Circular],
  Symbol(enzyme.__unrendered__): <PatientChat />,
  Symbol(enzyme.__renderer__): Object {
    "batchedUpdates": [Function],
    "getNode": [Function],
    "render": [Function],
    "simulateEvent": [Function],
    "unmount": [Function],
  },
  Symbol(enzyme.__node__): Object {
    "instance": null,
    "key": undefined,
    "nodeType": "host",
    "props": Object {
      "children": <div
        className="row"
>
        <div
                className="col-4"
        >
                <div
                        className="card"
                >
                        <div
                                className="card-body"
                        >
                                <div
                                        className="card-title"
                                >
                                        Messages
                                </div>
                                <hr />
                                <div
                                        className="messages"
                                />
                        </div>
                        <div
                                className="card-footer"
                        >
                                <input
                                        className="form-control"
                                        onChange={[Function]}
                                        placeholder="Message"
                                        type="text"
                                        value="Message"
                                />
                                <br />
                                <SubmitButton
                                        id="send-msg"
                                        name="Send"
                                />
                        </div>
                </div>
        </div>
</div>,
      "className": "container",
    },
    "ref": null,
    "rendered": Object {
      "instance": null,
      "key": undefined,
      "nodeType": "host",
      "props": Object {
        "children": <div
          className="col-4"
>
          <div
                    className="card"
          >
                    <div
                              className="card-body"
                    >
                              <div
                                        className="card-title"
                              >
                                        Messages
                              </div>
                              <hr />
                              <div
                                        className="messages"
                              />
                    </div>
                    <div
                              className="card-footer"
                    >
                              <input
                                        className="form-control"
                                        onChange={[Function]}
                                        placeholder="Message"
                                        type="text"
                                        value="Message"
                              />
                              <br />
                              <SubmitButton
                                        id="send-msg"
                                        name="Send"
                              />
                    </div>
          </div>
</div>,
        "className": "row",
      },
      "ref": null,
      "rendered": Object {
        "instance": null,
        "key": undefined,
        "nodeType": "host",
        "props": Object {
          "children": <div
            className="card"
>
            <div
                        className="card-body"
            >
                        <div
                                    className="card-title"
                        >
                                    Messages
                        </div>
                        <hr />
                        <div
                                    className="messages"
                        />
            </div>
            <div
                        className="card-footer"
            >
                        <input
                                    className="form-control"
                                    onChange={[Function]}
                                    placeholder="Message"
                                    type="text"
                                    value="Message"
                        />
                        <br />
                        <SubmitButton
                                    id="send-msg"
                                    name="Send"
                        />
            </div>
</div>,
          "className": "col-4",
        },
        "ref": null,
        "rendered": Object {
          "instance": null,
          "key": undefined,
          "nodeType": "host",
          "props": Object {
            "children": Array [
              <div
                className="card-body"
>
                <div
                                className="card-title"
                >
                                Messages
                </div>
                <hr />
                <div
                                className="messages"
                />
</div>,
              <div
                className="card-footer"
>
                <input
                                className="form-control"
                                onChange={[Function]}
                                placeholder="Message"
                                type="text"
                                value="Message"
                />
                <br />
                <SubmitButton
                                id="send-msg"
                                name="Send"
                />
</div>,
            ],
            "className": "card",
          },
          "ref": null,
          "rendered": Array [
            Object {
              "instance": null,
              "key": undefined,
              "nodeType": "host",
              "props": Object {
                "children": Array [
                  <div
                    className="card-title"
>
                    Messages
</div>,
                  <hr />,
                  <div
                    className="messages"
/>,
                ],
                "className": "card-body",
              },
              "ref": null,
              "rendered": Array [
                Object {
                  "instance": null,
                  "key": undefined,
                  "nodeType": "host",
                  "props": Object {
                    "children": "Messages",
                    "className": "card-title",
                  },
                  "ref": null,
                  "rendered": "Messages",
                  "type": "div",
                },
                Object {
                  "instance": null,
                  "key": undefined,
                  "nodeType": "host",
                  "props": Object {},
                  "ref": null,
                  "rendered": null,
                  "type": "hr",
                },
                Object {
                  "instance": null,
                  "key": undefined,
                  "nodeType": "host",
                  "props": Object {
                    "className": "messages",
                  },
                  "ref": null,
                  "rendered": null,
                  "type": "div",
                },
              ],
              "type": "div",
            },
            Object {
              "instance": null,
              "key": undefined,
              "nodeType": "host",
              "props": Object {
                "children": Array [
                  <input
                    className="form-control"
                    onChange={[Function]}
                    placeholder="Message"
                    type="text"
                    value="Message"
/>,
                  <br />,
                  <SubmitButton
                    id="send-msg"
                    name="Send"
/>,
                ],
                "className": "card-footer",
              },
              "ref": null,
              "rendered": Array [
                Object {
                  "instance": null,
                  "key": undefined,
                  "nodeType": "host",
                  "props": Object {
                    "className": "form-control",
                    "onChange": [Function],
                    "placeholder": "Message",
                    "type": "text",
                    "value": "Message",
                  },
                  "ref": null,
                  "rendered": null,
                  "type": "input",
                },
                Object {
                  "instance": null,
                  "key": undefined,
                  "nodeType": "host",
                  "props": Object {},
                  "ref": null,
                  "rendered": null,
                  "type": "br",
                },
                Object {
                  "instance": null,
                  "key": undefined,
                  "nodeType": "function",
                  "props": Object {
                    "id": "send-msg",
                    "name": "Send",
                  },
                  "ref": null,
                  "rendered": null,
                  "type": [Function],
                },
              ],
              "type": "div",
            },
          ],
          "type": "div",
        },
        "type": "div",
      },
      "type": "div",
    },
    "type": "div",
  },
  Symbol(enzyme.__nodes__): Array [
    Object {
      "instance": null,
      "key": undefined,
      "nodeType": "host",
      "props": Object {
        "children": <div
          className="row"
>
          <div
                    className="col-4"
          >
                    <div
                              className="card"
                    >
                              <div
                                        className="card-body"
                              >
                                        <div
                                                  className="card-title"
                                        >
                                                  Messages
                                        </div>
                                        <hr />
                                        <div
                                                  className="messages"
                                        />
                              </div>
                              <div
                                        className="card-footer"
                              >
                                        <input
                                                  className="form-control"
                                                  onChange={[Function]}
                                                  placeholder="Message"
                                                  type="text"
                                                  value="Message"
                                        />
                                        <br />
                                        <SubmitButton
                                                  id="send-msg"
                                                  name="Send"
                                        />
                              </div>
                    </div>
          </div>
</div>,
        "className": "container",
      },
      "ref": null,
      "rendered": Object {
        "instance": null,
        "key": undefined,
        "nodeType": "host",
        "props": Object {
          "children": <div
            className="col-4"
>
            <div
                        className="card"
            >
                        <div
                                    className="card-body"
                        >
                                    <div
                                                className="card-title"
                                    >
                                                Messages
                                    </div>
                                    <hr />
                                    <div
                                                className="messages"
                                    />
                        </div>
                        <div
                                    className="card-footer"
                        >
                                    <input
                                                className="form-control"
                                                onChange={[Function]}
                                                placeholder="Message"
                                                type="text"
                                                value="Message"
                                    />
                                    <br />
                                    <SubmitButton
                                                id="send-msg"
                                                name="Send"
                                    />
                        </div>
            </div>
</div>,
          "className": "row",
        },
        "ref": null,
        "rendered": Object {
          "instance": null,
          "key": undefined,
          "nodeType": "host",
          "props": Object {
            "children": <div
              className="card"
>
              <div
                            className="card-body"
              >
                            <div
                                          className="card-title"
                            >
                                          Messages
                            </div>
                            <hr />
                            <div
                                          className="messages"
                            />
              </div>
              <div
                            className="card-footer"
              >
                            <input
                                          className="form-control"
                                          onChange={[Function]}
                                          placeholder="Message"
                                          type="text"
                                          value="Message"
                            />
                            <br />
                            <SubmitButton
                                          id="send-msg"
                                          name="Send"
                            />
              </div>
</div>,
            "className": "col-4",
          },
          "ref": null,
          "rendered": Object {
            "instance": null,
            "key": undefined,
            "nodeType": "host",
            "props": Object {
              "children": Array [
                <div
                  className="card-body"
>
                  <div
                                    className="card-title"
                  >
                                    Messages
                  </div>
                  <hr />
                  <div
                                    className="messages"
                  />
</div>,
                <div
                  className="card-footer"
>
                  <input
                                    className="form-control"
                                    onChange={[Function]}
                                    placeholder="Message"
                                    type="text"
                                    value="Message"
                  />
                  <br />
                  <SubmitButton
                                    id="send-msg"
                                    name="Send"
                  />
</div>,
              ],
              "className": "card",
            },
            "ref": null,
            "rendered": Array [
              Object {
                "instance": null,
                "key": undefined,
                "nodeType": "host",
                "props": Object {
                  "children": Array [
                    <div
                      className="card-title"
>
                      Messages
</div>,
                    <hr />,
                    <div
                      className="messages"
/>,
                  ],
                  "className": "card-body",
                },
                "ref": null,
                "rendered": Array [
                  Object {
                    "instance": null,
                    "key": undefined,
                    "nodeType": "host",
                    "props": Object {
                      "children": "Messages",
                      "className": "card-title",
                    },
                    "ref": null,
                    "rendered": "Messages",
                    "type": "div",
                  },
                  Object {
                    "instance": null,
                    "key": undefined,
                    "nodeType": "host",
                    "props": Object {},
                    "ref": null,
                    "rendered": null,
                    "type": "hr",
                  },
                  Object {
                    "instance": null,
                    "key": undefined,
                    "nodeType": "host",
                    "props": Object {
                      "className": "messages",
                    },
                    "ref": null,
                    "rendered": null,
                    "type": "div",
                  },
                ],
                "type": "div",
              },
              Object {
                "instance": null,
                "key": undefined,
                "nodeType": "host",
                "props": Object {
                  "children": Array [
                    <input
                      className="form-control"
                      onChange={[Function]}
                      placeholder="Message"
                      type="text"
                      value="Message"
/>,
                    <br />,
                    <SubmitButton
                      id="send-msg"
                      name="Send"
/>,
                  ],
                  "className": "card-footer",
                },
                "ref": null,
                "rendered": Array [
                  Object {
                    "instance": null,
                    "key": undefined,
                    "nodeType": "host",
                    "props": Object {
                      "className": "form-control",
                      "onChange": [Function],
                      "placeholder": "Message",
                      "type": "text",
                      "value": "Message",
                    },
                    "ref": null,
                    "rendered": null,
                    "type": "input",
                  },
                  Object {
                    "instance": null,
                    "key": undefined,
                    "nodeType": "host",
                    "props": Object {},
                    "ref": null,
                    "rendered": null,
                    "type": "br",
                  },
                  Object {
                    "instance": null,
                    "key": undefined,
                    "nodeType": "function",
                    "props": Object {
                      "id": "send-msg",
                      "name": "Send",
                    },
                    "ref": null,
                    "rendered": null,
                    "type": [Function],
                  },
                ],
                "type": "div",
              },
            ],
            "type": "div",
          },
          "type": "div",
        },
        "type": "div",
      },
      "type": "div",
    },
  ],
  Symbol(enzyme.__options__): Object {
    "adapter": ReactSixteenAdapter {
      "options": Object {
        "enableComponentDidUpdateOnSetState": true,
      },
    },
    "disableLifecycleMethods": true,
  },
}
`;
