// Jest Snapshot v1, https://goo.gl/fbAQLP

exports[`Portal Patient button should render the button style correctly 1`] = `
.c0 {
  background: transparent;
  color: MediumSeaGreen;
  padding: 10px 20px;
  border: none;
  font-size: 0.9em;
  font-family: verdana;
}

.c0:hover {
  border: #DCDCDC;
}

<button
  className="c0"
/>
`;
