// Jest Snapshot v1, https://goo.gl/fbAQLP

exports[`SubmitButton renders component correctly renders PortalButton component correctly 1`] = `
<button
  className="sc-bdVaJa jCyAds"
>
  Patient Portal
</button>
`;

exports[`SubmitButton renders correctly 1`] = `
ShallowWrapper {
  "length": 1,
  Symbol(enzyme.__root__): [Circular],
  Symbol(enzyme.__unrendered__): <SubmitButton />,
  Symbol(enzyme.__renderer__): Object {
    "batchedUpdates": [Function],
    "getNode": [Function],
    "render": [Function],
    "simulateEvent": [Function],
    "unmount": [Function],
  },
  Symbol(enzyme.__node__): Object {
    "instance": null,
    "key": undefined,
    "nodeType": "class",
    "props": Object {
      "children": undefined,
      "id": undefined,
      "onClick": undefined,
    },
    "ref": null,
    "rendered": null,
    "type": [Function],
  },
  Symbol(enzyme.__nodes__): Array [
    Object {
      "instance": null,
      "key": undefined,
      "nodeType": "class",
      "props": Object {
        "children": undefined,
        "id": undefined,
        "onClick": undefined,
      },
      "ref": null,
      "rendered": null,
      "type": [Function],
    },
  ],
  Symbol(enzyme.__options__): Object {
    "adapter": ReactSixteenAdapter {
      "options": Object {
        "enableComponentDidUpdateOnSetState": true,
      },
    },
    "disableLifecycleMethods": true,
  },
}
`;
